{'type': 'Evaluate', 'myUuid': '', 'outputs': {'Available_Libraries': ['Aldehydes', 'Sulfonyl_Halides', 'Ketones'], 'Condensed_Sequence': 'DNeup5Aca2-6DGalpb1-4DGlcpNAcb1-ROH', 'Available_Modification_Options': [{'Residue_Name': 'NAG', 'Chain_Identifier': 'M', 'Residue_Number': '1', 'Moiety_Attachment_Atom': 'N2', 'Atom_Number': '2531', 'Residue_Name_Glycam': 'DGlcpNAcb', 'Residue_Number_Glycam': '324', 'Atom_Number_Glycam': '2531'}, {'Residue_Name': 'SIA', 'Chain_Identifier': 'M', 'Residue_Number': '3', 'Moiety_Attachment_Atom': 'N5', 'Atom_Number': '2560', 'Residue_Name_Glycam': 'DNeup5Aca', 'Residue_Number_Glycam': '326', 'Atom_Number_Glycam': '2560'}], 'outputDirPath': None, 'pUUID': None, 'resources': None}, 'notices': []}
