{'type': 'Evaluate', 'myUuid': '', 'outputs': {'Available_Libraries': ['Aldehydes', 'Sulfonyl_Halides', 'Ketones'], 'Condensed_Sequence': 'DNeup5Aca2-6DGalpb1-4DGlcpNAcb1-ROH', 'Available_Modification_Options': [{'Residue_Name': 'NAG', 'Chain_Identifier': 'M', 'Residue_Number': '1', 'Moiety_Attachment_Atom': 'O1', 'Atom_Number': '5000', 'Residue_Name_Glycam': 'DGlcpNAcb', 'Residue_Number_Glycam': '324', 'Atom_Number_Glycam': '5000'}, {'Residue_Name': 'NAG', 'Chain_Identifier': 'M', 'Residue_Number': '1', 'Moiety_Attachment_Atom': 'N2', 'Atom_Number': '4999', 'Residue_Name_Glycam': 'DGlcpNAcb', 'Residue_Number_Glycam': '324', 'Atom_Number_Glycam': '4999'}, {'Residue_Name': 'NAG', 'Chain_Identifier': 'M', 'Residue_Number': '1', 'Moiety_Attachment_Atom': 'O3', 'Atom_Number': '5001', 'Residue_Name_Glycam': 'DGlcpNAcb', 'Residue_Number_Glycam': '324', 'Atom_Number_Glycam': '5001'}, {'Residue_Name': 'NAG', 'Chain_Identifier': 'M', 'Residue_Number': '1', 'Moiety_Attachment_Atom': 'O6', 'Atom_Number': '5004', 'Residue_Name_Glycam': 'DGlcpNAcb', 'Residue_Number_Glycam': '324', 'Atom_Number_Glycam': '5004'}, {'Residue_Name': 'GAL', 'Chain_Identifier': 'M', 'Residue_Number': '2', 'Moiety_Attachment_Atom': 'O2', 'Atom_Number': '5025', 'Residue_Name_Glycam': 'DGalpb', 'Residue_Number_Glycam': '325', 'Atom_Number_Glycam': '5025'}, {'Residue_Name': 'GAL', 'Chain_Identifier': 'M', 'Residue_Number': '2', 'Moiety_Attachment_Atom': 'O3', 'Atom_Number': '5026', 'Residue_Name_Glycam': 'DGalpb', 'Residue_Number_Glycam': '325', 'Atom_Number_Glycam': '5026'}, {'Residue_Name': 'GAL', 'Chain_Identifier': 'M', 'Residue_Number': '2', 'Moiety_Attachment_Atom': 'O4', 'Atom_Number': '5027', 'Residue_Name_Glycam': 'DGalpb', 'Residue_Number_Glycam': '325', 'Atom_Number_Glycam': '5027'}, {'Residue_Name': 'SIA', 'Chain_Identifier': 'M', 'Residue_Number': '3', 'Moiety_Attachment_Atom': 'O4', 'Atom_Number': '5054', 'Residue_Name_Glycam': 'DNeup5Aca', 'Residue_Number_Glycam': '326', 'Atom_Number_Glycam': '5054'}, {'Residue_Name': 'SIA', 'Chain_Identifier': 'M', 'Residue_Number': '3', 'Moiety_Attachment_Atom': 'N5', 'Atom_Number': '5051', 'Residue_Name_Glycam': 'DNeup5Aca', 'Residue_Number_Glycam': '326', 'Atom_Number_Glycam': '5051'}, {'Residue_Name': 'SIA', 'Chain_Identifier': 'M', 'Residue_Number': '3', 'Moiety_Attachment_Atom': 'O9', 'Atom_Number': '5058', 'Residue_Name_Glycam': 'DNeup5Aca', 'Residue_Number_Glycam': '326', 'Atom_Number_Glycam': '5058'}, {'Residue_Name': 'SIA', 'Chain_Identifier': 'M', 'Residue_Number': '3', 'Moiety_Attachment_Atom': 'O8', 'Atom_Number': '5057', 'Residue_Name_Glycam': 'DNeup5Aca', 'Residue_Number_Glycam': '326', 'Atom_Number_Glycam': '5057'}, {'Residue_Name': 'SIA', 'Chain_Identifier': 'M', 'Residue_Number': '3', 'Moiety_Attachment_Atom': 'O7', 'Atom_Number': '5056', 'Residue_Name_Glycam': 'DNeup5Aca', 'Residue_Number_Glycam': '326', 'Atom_Number_Glycam': '5056'}], 'outputDirPath': None, 'pUUID': None, 'resources': None}, 'notices': [{'brief': 'Evaluation Successful', 'type': 'Info', 'code': '600', 'message': 'Evaluation Successful', 'scope': 'Service', 'Messenger': 'Glycomimetics'}]}
