{'type': 'Evaluate', 'myUuid': '', 'outputs': {'Available_Libraries': ['Aldehydes', 'Sulfonyl_Halides', 'Ketones'], 'Condensed_Sequence': 'DNeup5Acb2-ROH', 'Available_Modification_Options': [{'Residue_Name': 'SLB', 'Chain_Identifier': 'A', 'Residue_Number': '1310', 'Moiety_Attachment_Atom': 'O2', 'Atom_Number': '4873', 'Residue_Name_Glycam': 'DNeup5Acb', 'Residue_Number_Glycam': '838', 'Atom_Number_Glycam': '6457'}, {'Residue_Name': 'SLB', 'Chain_Identifier': 'A', 'Residue_Number': '1310', 'Moiety_Attachment_Atom': 'O4', 'Atom_Number': '4874', 'Residue_Name_Glycam': 'DNeup5Acb', 'Residue_Number_Glycam': '838', 'Atom_Number_Glycam': '6458'}, {'Residue_Name': 'SLB', 'Chain_Identifier': 'A', 'Residue_Number': '1310', 'Moiety_Attachment_Atom': 'N5', 'Atom_Number': '4870', 'Residue_Name_Glycam': 'DNeup5Acb', 'Residue_Number_Glycam': '838', 'Atom_Number_Glycam': '6454'}, {'Residue_Name': 'SLB', 'Chain_Identifier': 'A', 'Residue_Number': '1310', 'Moiety_Attachment_Atom': 'O9', 'Atom_Number': '4878', 'Residue_Name_Glycam': 'DNeup5Acb', 'Residue_Number_Glycam': '838', 'Atom_Number_Glycam': '6462'}, {'Residue_Name': 'SLB', 'Chain_Identifier': 'A', 'Residue_Number': '1310', 'Moiety_Attachment_Atom': 'O8', 'Atom_Number': '4877', 'Residue_Name_Glycam': 'DNeup5Acb', 'Residue_Number_Glycam': '838', 'Atom_Number_Glycam': '6461'}, {'Residue_Name': 'SLB', 'Chain_Identifier': 'A', 'Residue_Number': '1310', 'Moiety_Attachment_Atom': 'O7', 'Atom_Number': '4876', 'Residue_Name_Glycam': 'DNeup5Acb', 'Residue_Number_Glycam': '838', 'Atom_Number_Glycam': '6460'}], 'outputDirPath': None, 'pUUID': None, 'resources': None}, 'notices': []}
