{'type': 'Evaluate', 'myUuid': '', 'outputs': {'Available_Libraries': ['Aldehydes', 'Sulfonyl_Halides', 'Ketones'], 'Condensed_Sequence': 'DNeup5Acb2-ROH', 'Available_Modification_Options': [{'Residue_Name': 'SLB', 'Chain_Identifier': 'A', 'Residue_Number': '1310', 'Moiety_Attachment_Atom': 'N5', 'Atom_Number': '2450', 'Residue_Name_Glycam': 'DNeup5Acb', 'Residue_Number_Glycam': '310', 'Atom_Number_Glycam': '2450'}], 'outputDirPath': None, 'pUUID': None, 'resources': None}, 'notices': []}
